// Jest Snapshot v1, https://goo.gl/fbAQLP

exports[`FileBrowser component Test FileBrowser Rendering 1`] = `null`;
