// Jest Snapshot v1, https://goo.gl/fbAQLP

exports[`Test CodeBrowser snapshot renders 1`] = `
<div
  className="FileBrowser FileBrowser--dropzone"
>
  <div
    className="FileBrowser__tools flex justify--space-between"
  >
    <div
      className="FileBrowser__multiselect flex justify--start"
    >
      <button
        className="Btn Btn--round Btn--uncheck"
        onClick={[Function]}
      />
      <button
        className="Btn Btn--round Btn--delete hidden"
        onClick={[Function]}
      />
    </div>
    <div
      className="FileBrowser__search flex-1"
    >
      <input
        className="FileBrowser__input full--border"
        onChange={[Function]}
        onKeyUp={[Function]}
        placeholder="Search Files Here"
        type="text"
      />
    </div>
  </div>
  <div
    className="FileBrowser__header"
  >
    <div
      className="FileBrowser__header--name flex justify--start"
    >
      <div
        className="FileBrowser__name-text"
      >
        File
      </div>
    </div>
    <div
      className="FileBrowser__header--size"
    >
      Size
    </div>
    <div
      className="FileBrowser__header--date"
    >
      Modified
    </div>
    <div
      className="FileBrowser__header--menu"
    />
  </div>
  <div
    className="FileBrowser__body"
  >
    <div
      className="AddSubfolder"
      onClick={[Function]}
    >
      <div
        className="AddSubfolder__text"
      >
        Add Folder
      </div>
      <div
        className="AddSubfolder__edit hidden"
      >
        <div
          className="AddSubfolder__container"
        >
          <input
            className="AddSubfolder__input"
            onKeyUp={[Function]}
            placeholder="Enter Folder Name"
            type="text"
          />
        </div>
        <div
          className="flex justify--space-around"
        >
          <button
            className="File__btn--round File__btn--cancel"
            onClick={[Function]}
          />
          <button
            className="File__btn--round File__btn--add"
            onClick={[Function]}
          />
        </div>
      </div>
    </div>
    <div
      className="FileBrowser__empty"
    >
      <h5>
        Upload Files by Dragging & Dropping Here
      </h5>
    </div>
  </div>
</div>
`;
