// Jest Snapshot v1, https://goo.gl/fbAQLP

exports[`Test LocalLabbooks rendering 1`] = `
<a
  className="Card Card--300 Card--text column-4-span-3 flex flex--column justify--space-between"
  href="/projects/uitest/ui-test-remote"
  onClick={[Function]}
>
  <div
    className="LocalLabbooks__row--icons"
  >
    <div
      className="LocalLabbooks__containerStatus"
    >
      <button
        className="ContainerStatus__container-state LocalLabbooks__containerStatus--state loading box-shadow"
        onClick={[Function]}
        onMouseOut={[Function]}
        onMouseOver={[Function]}
      >
        
      </button>
    </div>
  </div>
  <div
    className="LocalLabbooks__row--text"
  >
    <div>
      <h6
        className="LocalLabbooks__panel-title"
        onClick={[Function]}
      >
        <span>
          <span
            className=""
          >
            ui-test-remote
          </span>
        </span>
      </h6>
    </div>
    <p
      className="LocalLabbooks__paragraph LocalLabbooks__paragraph--owner "
    >
      uitest
    </p>
    <p
      className="LocalLabbooks__paragraph LocalLabbooks__paragraph--owner"
    >
      Created on Fri Jan 18 2019
    </p>
    <p
      className="LocalLabbooks__paragraph LocalLabbooks__paragraph--description"
    >
      <span />
    </p>
  </div>
  <div
    className="Tooltip-Listing LocalLabbookPanel__undefined"
    data-tooltip="undefined"
  />
</a>
`;
