// Jest Snapshot v1, https://goo.gl/fbAQLP

exports[`LocalLabbooks LocalLabbooks snapshot 1`] = `
<div
  className="Labbooks__listing"
>
  <div
    className="grid"
  >
    <div
      className="ImportModule Card Card-300 Card--line-50 Card--text-center Card--add Card--import column-4-span-3"
      id="dropZone"
      onDragEnd={[Function]}
      onDragOver={[Function]}
      onDrop={[Function]}
      type="file"
    >
      <div
        className="Import__labbook-main"
      >
        <div
          className="Import__labbook-header"
        >
          <div
            className="Import__labbook-icon"
          >
            <div
              className="Import__add-icon"
            />
          </div>
          <div
            className="Import__title"
          >
            <h4>
              Add Project
            </h4>
          </div>
        </div>
        <div
          className="btn--import"
          onClick={[Function]}
        >
          Create New
        </div>
        <div
          className="hidden createLabbook"
        >
          <div
            className="ToolTip__toggle createLabbook"
            onClick={[Function]}
          >
            <div
              className="ToolTip__glow-container"
            >
              <div
                className="ToolTip__glow-ring-outer"
              >
                <div
                  className="ToolTip__glow-ring-inner"
                />
              </div>
            </div>
          </div>
          <div
            className="hidden createLabbook"
          />
          <div
            className="hidden createLabbook"
          >
            Clicking on the 'Create New' button will open the new Project window, letting you name and select a Base for the new Project.
          </div>
        </div>
        <div
          className="btn--import"
          onClick={[Function]}
        >
          Import Existing
        </div>
        <div
          className="hidden importLabbook"
        >
          <div
            className="ToolTip__toggle importLabbook"
            onClick={[Function]}
          >
            <div
              className="ToolTip__glow-container"
            >
              <div
                className="ToolTip__glow-ring-outer"
              >
                <div
                  className="ToolTip__glow-ring-inner"
                />
              </div>
            </div>
          </div>
          <div
            className="hidden importLabbook"
          />
          <div
            className="hidden importLabbook"
          >
            Clicking on the Import Existing' button transition the card to Import mode. 
 You can import by using a URL of a published Project or by uploading an exported Project's .zip file. 
 You can also directly import Projects that have been shared with you in the Cloud view.
          </div>
        </div>
      </div>
      <div
        className="hidden"
      />
    </div>
    <a
      className="Card Card--300 Card--text column-4-span-3 flex flex--column justify--space-between"
      href="/projects/uitest/ui-test-remote"
      onClick={[Function]}
    >
      <div
        className="LocalLabbooks__row--icons"
      >
        <div
          className="LocalLabbooks__containerStatus"
        >
          <button
            className="ContainerStatus__container-state LocalLabbooks__containerStatus--state loading box-shadow"
            onClick={[Function]}
            onMouseOut={[Function]}
            onMouseOver={[Function]}
          >
            
          </button>
        </div>
      </div>
      <div
        className="LocalLabbooks__row--text"
      >
        <div>
          <h6
            className="LocalLabbooks__panel-title"
            onClick={[Function]}
          >
            <span>
              <span
                className=""
              >
                ui-test-remote
              </span>
            </span>
          </h6>
        </div>
        <p
          className="LocalLabbooks__paragraph LocalLabbooks__paragraph--owner "
        >
          uitest
        </p>
        <p
          className="LocalLabbooks__paragraph LocalLabbooks__paragraph--owner"
        >
          Created on Fri Jan 18 2019
        </p>
        <p
          className="LocalLabbooks__paragraph LocalLabbooks__paragraph--owner"
        >
          Modified Fri Jan 18 2019
        </p>
        <p
          className="LocalLabbooks__paragraph LocalLabbooks__paragraph--description"
        >
          <span
            className="LocalLabbooks__description--blank"
          >
            No description provided
          </span>
        </p>
      </div>
      <div
        className="Tooltip-Listing LocalLabbookPanel__loading"
        data-tooltip="loading"
      />
    </a>
    <a
      className="Card Card--300 Card--text column-4-span-3 flex flex--column justify--space-between"
      href="/projects/uitest/ui-test-project"
      onClick={[Function]}
    >
      <div
        className="LocalLabbooks__row--icons"
      >
        <div
          className="LocalLabbooks__containerStatus"
        >
          <button
            className="ContainerStatus__container-state LocalLabbooks__containerStatus--state loading box-shadow"
            onClick={[Function]}
            onMouseOut={[Function]}
            onMouseOver={[Function]}
          >
            
          </button>
        </div>
      </div>
      <div
        className="LocalLabbooks__row--text"
      >
        <div>
          <h6
            className="LocalLabbooks__panel-title"
            onClick={[Function]}
          >
            <span>
              <span
                className=""
              >
                ui-test-project
              </span>
            </span>
          </h6>
        </div>
        <p
          className="LocalLabbooks__paragraph LocalLabbooks__paragraph--owner "
        >
          uitest
        </p>
        <p
          className="LocalLabbooks__paragraph LocalLabbooks__paragraph--owner"
        >
          Created on Fri Jan 18 2019
        </p>
        <p
          className="LocalLabbooks__paragraph LocalLabbooks__paragraph--owner"
        >
          Modified Fri Jan 18 2019
        </p>
        <p
          className="LocalLabbooks__paragraph LocalLabbooks__paragraph--description"
        >
          <span>
            <span
              className=""
            >
              This is a ui test project

            </span>
          </span>
        </p>
      </div>
      <div
        className="Tooltip-Listing LocalLabbookPanel__loading"
        data-tooltip="loading"
      />
    </a>
    <a
      className="Card Card--300 Card--text column-4-span-3 flex flex--column justify--space-between"
      href="/projects/uitest/test-tt"
      onClick={[Function]}
    >
      <div
        className="LocalLabbooks__row--icons"
      >
        <div
          className="LocalLabbooks__containerStatus"
        >
          <button
            className="ContainerStatus__container-state LocalLabbooks__containerStatus--state loading box-shadow"
            onClick={[Function]}
            onMouseOut={[Function]}
            onMouseOver={[Function]}
          >
            
          </button>
        </div>
      </div>
      <div
        className="LocalLabbooks__row--text"
      >
        <div>
          <h6
            className="LocalLabbooks__panel-title"
            onClick={[Function]}
          >
            <span>
              <span
                className=""
              >
                test-tt
              </span>
            </span>
          </h6>
        </div>
        <p
          className="LocalLabbooks__paragraph LocalLabbooks__paragraph--owner "
        >
          uitest
        </p>
        <p
          className="LocalLabbooks__paragraph LocalLabbooks__paragraph--owner"
        >
          Created on Fri Jan 11 2019
        </p>
        <p
          className="LocalLabbooks__paragraph LocalLabbooks__paragraph--owner"
        >
          Modified Fri Jan 11 2019
        </p>
        <p
          className="LocalLabbooks__paragraph LocalLabbooks__paragraph--description"
        >
          <span
            className="LocalLabbooks__description--blank"
          >
            No description provided
          </span>
        </p>
      </div>
      <div
        className="Tooltip-Listing LocalLabbookPanel__loading"
        data-tooltip="loading"
      />
    </a>
    <a
      className="Card Card--300 Card--text column-4-span-3 flex flex--column justify--space-between"
      href="/projects/uitest/new-project"
      onClick={[Function]}
    >
      <div
        className="LocalLabbooks__row--icons"
      >
        <div
          className="LocalLabbooks__containerStatus"
        >
          <button
            className="ContainerStatus__container-state LocalLabbooks__containerStatus--state loading box-shadow"
            onClick={[Function]}
            onMouseOut={[Function]}
            onMouseOver={[Function]}
          >
            
          </button>
        </div>
      </div>
      <div
        className="LocalLabbooks__row--text"
      >
        <div>
          <h6
            className="LocalLabbooks__panel-title"
            onClick={[Function]}
          >
            <span>
              <span
                className=""
              >
                new-project
              </span>
            </span>
          </h6>
        </div>
        <p
          className="LocalLabbooks__paragraph LocalLabbooks__paragraph--owner "
        >
          uitest
        </p>
        <p
          className="LocalLabbooks__paragraph LocalLabbooks__paragraph--owner"
        >
          Created on Wed Jan 16 2019
        </p>
        <p
          className="LocalLabbooks__paragraph LocalLabbooks__paragraph--owner"
        >
          Modified Thu Jan 24 2019
        </p>
        <p
          className="LocalLabbooks__paragraph LocalLabbooks__paragraph--description"
        >
          <span
            className="LocalLabbooks__description--blank"
          >
            No description provided
          </span>
        </p>
      </div>
      <div
        className="Tooltip-Listing LocalLabbookPanel__loading"
        data-tooltip="loading"
      />
    </a>
    <a
      className="Card Card--300 Card--text column-4-span-3 flex flex--column justify--space-between"
      href="/projects/uitest/awful-intersections-demo"
      onClick={[Function]}
    >
      <div
        className="LocalLabbooks__row--icons"
      >
        <div
          className="LocalLabbooks__containerStatus"
        >
          <button
            className="ContainerStatus__container-state LocalLabbooks__containerStatus--state loading box-shadow"
            onClick={[Function]}
            onMouseOut={[Function]}
            onMouseOver={[Function]}
          >
            
          </button>
        </div>
      </div>
      <div
        className="LocalLabbooks__row--text"
      >
        <div>
          <h6
            className="LocalLabbooks__panel-title"
            onClick={[Function]}
          >
            <span>
              <span
                className=""
              >
                awful-intersections-demo
              </span>
            </span>
          </h6>
        </div>
        <p
          className="LocalLabbooks__paragraph LocalLabbooks__paragraph--owner "
        >
          uitest
        </p>
        <p
          className="LocalLabbooks__paragraph LocalLabbooks__paragraph--owner"
        >
          Created on Thu May 24 2018
        </p>
        <p
          className="LocalLabbooks__paragraph LocalLabbooks__paragraph--owner"
        >
          Modified Fri Jan 11 2019
        </p>
        <p
          className="LocalLabbooks__paragraph LocalLabbooks__paragraph--description"
        >
          <span>
            <span
              className=""
            >
              A fun demo LabBook to automatically find and generate cringe-worthy maps of horrible intersections
            </span>
          </span>
        </p>
      </div>
      <div
        className="Tooltip-Listing LocalLabbookPanel__loading"
        data-tooltip="loading"
      />
    </a>
    <div
      className="LabbookPaginationLoader--hidden"
    >
      <div />
    </div>
    <div
      className="LabbookPaginationLoader--hidden"
    >
      <div />
    </div>
    <div
      className="LabbookPaginationLoader--hidden"
    >
      <div />
    </div>
    <div
      className="LabbookPaginationLoader--hidden"
    >
      <div />
    </div>
    <div
      className="LabbookPaginationLoader--hidden"
    >
      <div />
    </div>
  </div>
</div>
`;
