// Jest Snapshot v1, https://goo.gl/fbAQLP

exports[`Activity renders a snapshot 1`] = `
<div
  className="Activity"
>
  <div
    className="Activity__inner-container flex flex--row flex--wrap justify--flex-start"
  >
    <div
      className="Activity__sizer flex-1-0-auto"
    >
      <div
        className="ActivityCard ActivityCard__loader-hidden column-1-span-10"
      />
      <div
        className="ActivityCard ActivityCard__loader-hidden column-1-span-10"
      />
      <div
        className="ActivityCard ActivityCard__loader-hidden column-1-span-10"
      />
      <div
        className="ActivityCard ActivityCard__loader-hidden column-1-span-10"
      />
      <div
        className="ActivityCard ActivityCard__loader-hidden column-1-span-10"
      />
    </div>
  </div>
</div>
`;
