// Jest Snapshot v1, https://goo.gl/fbAQLP

exports[`FavoriteCard component Test FileBrowser Rendering 1`] = `null`;
