// Jest Snapshot v1, https://goo.gl/fbAQLP

exports[`Test  index rendering renders without crashing 1`] = `"{\\"_reactInternalInstance\\":\\"censored\\"}"`;
