// Jest Snapshot v1, https://goo.gl/fbAQLP

exports[`Test RemoteLabbooks rendering 1`] = `
<div
  className="Labbooks__listing"
>
  <div
    className="grid"
  >
    <div
      className="Card Card--300 column-4-span-3 flex flex--column justify--space-between"
    >
      <div
        className="RemoteLabbooks__row RemoteLabbooks__row--icon"
      >
        <button
          className="RemoteLabbooks__icon RemoteLabbooks__icon--cloud-download"
          disabled={false}
          onClick={[Function]}
        >
          Import
        </button>
        <button
          className="RemoteLabbooks__icon RemoteLabbooks__icon--delete-disabled"
          data-tooltip="Can only delete remote projects created by you"
          disabled={true}
          onClick={[Function]}
        >
          Delete
        </button>
      </div>
      <div
        className="RemoteLabbooks__row RemoteLabbooks__row--text"
      >
        <div
          className="RemoteLabbooks__row RemoteLabbooks__row--title"
        >
          <h6
            className="RemoteLabbooks__panel-title"
          >
            <span>
              <span
                className=""
              >
                update-test
              </span>
            </span>
          </h6>
        </div>
        <p
          className="RemoteLabbooks__paragraph RemoteLabbooks__paragraph--owner"
        >
          dmk
        </p>
        <p
          className="RemoteLabbooks__paragraph RemoteLabbooks__paragraph--owner"
        >
          Created on 12/07/18
        </p>
        <p
          className="RemoteLabbooks__paragraph RemoteLabbooks__paragraph--owner"
        >
          Modified a few seconds ago
        </p>
        <p
          className="RemoteLabbooks__paragraph RemoteLabbooks__paragraph--description"
        >
          <span />
        </p>
      </div>
      <div
        className="Tooltip RemoteLabbooks__undefined"
        data-tooltip="undefined"
      />
    </div>
    <div
      className="Card Card--300 column-4-span-3 flex flex--column justify--space-between"
    >
      <div
        className="RemoteLabbooks__row RemoteLabbooks__row--icon"
      >
        <button
          className="RemoteLabbooks__icon RemoteLabbooks__icon--cloud"
          data-tooltip="Project exists locally"
          disabled={true}
        >
          Imported
        </button>
        <button
          className="RemoteLabbooks__icon RemoteLabbooks__icon--delete-disabled"
          data-tooltip="Can only delete remote projects created by you"
          disabled={true}
          onClick={[Function]}
        >
          Delete
        </button>
      </div>
      <div
        className="RemoteLabbooks__row RemoteLabbooks__row--text"
      >
        <div
          className="RemoteLabbooks__row RemoteLabbooks__row--title"
        >
          <h6
            className="RemoteLabbooks__panel-title"
          >
            <span>
              <span
                className=""
              >
                trump-tweets
              </span>
            </span>
          </h6>
        </div>
        <p
          className="RemoteLabbooks__paragraph RemoteLabbooks__paragraph--owner"
        >
          dmk
        </p>
        <p
          className="RemoteLabbooks__paragraph RemoteLabbooks__paragraph--owner"
        >
          Created on 12/07/18
        </p>
        <p
          className="RemoteLabbooks__paragraph RemoteLabbooks__paragraph--owner"
        >
          Modified a few seconds ago
        </p>
        <p
          className="RemoteLabbooks__paragraph RemoteLabbooks__paragraph--description"
        >
          <span />
        </p>
      </div>
      <div
        className="Tooltip RemoteLabbooks__undefined"
        data-tooltip="undefined"
      />
    </div>
    <div
      className="Card Card--300 column-4-span-3 flex flex--column justify--space-between"
    >
      <div
        className="RemoteLabbooks__row RemoteLabbooks__row--icon"
      >
        <button
          className="RemoteLabbooks__icon RemoteLabbooks__icon--cloud-download"
          disabled={false}
          onClick={[Function]}
        >
          Import
        </button>
        <button
          className="RemoteLabbooks__icon RemoteLabbooks__icon--delete-disabled"
          data-tooltip="Can only delete remote projects created by you"
          disabled={true}
          onClick={[Function]}
        >
          Delete
        </button>
      </div>
      <div
        className="RemoteLabbooks__row RemoteLabbooks__row--text"
      >
        <div
          className="RemoteLabbooks__row RemoteLabbooks__row--title"
        >
          <h6
            className="RemoteLabbooks__panel-title"
          >
            <span>
              <span
                className=""
              >
                tpub
              </span>
            </span>
          </h6>
        </div>
        <p
          className="RemoteLabbooks__paragraph RemoteLabbooks__paragraph--owner"
        >
          bill2
        </p>
        <p
          className="RemoteLabbooks__paragraph RemoteLabbooks__paragraph--owner"
        >
          Created on 12/07/18
        </p>
        <p
          className="RemoteLabbooks__paragraph RemoteLabbooks__paragraph--owner"
        >
          Modified a few seconds ago
        </p>
        <p
          className="RemoteLabbooks__paragraph RemoteLabbooks__paragraph--description"
        >
          <span />
        </p>
      </div>
      <div
        className="Tooltip RemoteLabbooks__undefined"
        data-tooltip="undefined"
      />
    </div>
    <div
      className="Card Card--300 column-4-span-3 flex flex--column justify--space-between"
    >
      <div
        className="RemoteLabbooks__row RemoteLabbooks__row--icon"
      >
        <button
          className="RemoteLabbooks__icon RemoteLabbooks__icon--cloud"
          data-tooltip="Project exists locally"
          disabled={true}
        >
          Imported
        </button>
        <button
          className="RemoteLabbooks__icon RemoteLabbooks__icon--delete-disabled"
          data-tooltip="Can only delete remote projects created by you"
          disabled={true}
          onClick={[Function]}
        >
          Delete
        </button>
      </div>
      <div
        className="RemoteLabbooks__row RemoteLabbooks__row--text"
      >
        <div
          className="RemoteLabbooks__row RemoteLabbooks__row--title"
        >
          <h6
            className="RemoteLabbooks__panel-title"
          >
            <span>
              <span
                className=""
              >
                test-lb
              </span>
            </span>
          </h6>
        </div>
        <p
          className="RemoteLabbooks__paragraph RemoteLabbooks__paragraph--owner"
        >
          dmk
        </p>
        <p
          className="RemoteLabbooks__paragraph RemoteLabbooks__paragraph--owner"
        >
          Created on 12/07/18
        </p>
        <p
          className="RemoteLabbooks__paragraph RemoteLabbooks__paragraph--owner"
        >
          Modified a few seconds ago
        </p>
        <p
          className="RemoteLabbooks__paragraph RemoteLabbooks__paragraph--description"
        >
          <span />
        </p>
      </div>
      <div
        className="Tooltip RemoteLabbooks__undefined"
        data-tooltip="undefined"
      />
    </div>
    <div
      className="Card Card--300 column-4-span-3 flex flex--column justify--space-between"
    >
      <div
        className="RemoteLabbooks__row RemoteLabbooks__row--icon"
      >
        <button
          className="RemoteLabbooks__icon RemoteLabbooks__icon--cloud"
          data-tooltip="Project exists locally"
          disabled={true}
        >
          Imported
        </button>
        <button
          className="RemoteLabbooks__icon RemoteLabbooks__icon--delete-disabled"
          data-tooltip="Can only delete remote projects created by you"
          disabled={true}
          onClick={[Function]}
        >
          Delete
        </button>
      </div>
      <div
        className="RemoteLabbooks__row RemoteLabbooks__row--text"
      >
        <div
          className="RemoteLabbooks__row RemoteLabbooks__row--title"
        >
          <h6
            className="RemoteLabbooks__panel-title"
          >
            <span>
              <span
                className=""
              >
                testing-notifications
              </span>
            </span>
          </h6>
        </div>
        <p
          className="RemoteLabbooks__paragraph RemoteLabbooks__paragraph--owner"
        >
          dmk
        </p>
        <p
          className="RemoteLabbooks__paragraph RemoteLabbooks__paragraph--owner"
        >
          Created on 12/07/18
        </p>
        <p
          className="RemoteLabbooks__paragraph RemoteLabbooks__paragraph--owner"
        >
          Modified a few seconds ago
        </p>
        <p
          className="RemoteLabbooks__paragraph RemoteLabbooks__paragraph--description"
        >
          <span />
        </p>
      </div>
      <div
        className="Tooltip RemoteLabbooks__undefined"
        data-tooltip="undefined"
      />
    </div>
    <div
      className="Card Card--300 column-4-span-3 flex flex--column justify--space-between"
    >
      <div
        className="RemoteLabbooks__row RemoteLabbooks__row--icon"
      >
        <button
          className="RemoteLabbooks__icon RemoteLabbooks__icon--cloud"
          data-tooltip="Project exists locally"
          disabled={true}
        >
          Imported
        </button>
        <button
          className="RemoteLabbooks__icon RemoteLabbooks__icon--delete"
          data-tooltip=""
          disabled={false}
          onClick={[Function]}
        >
          Delete
        </button>
      </div>
      <div
        className="RemoteLabbooks__row RemoteLabbooks__row--text"
      >
        <div
          className="RemoteLabbooks__row RemoteLabbooks__row--title"
        >
          <h6
            className="RemoteLabbooks__panel-title"
          >
            <span>
              <span
                className=""
              >
                testing-activity-feed
              </span>
            </span>
          </h6>
        </div>
        <p
          className="RemoteLabbooks__paragraph RemoteLabbooks__paragraph--owner"
        >
          cbutler
        </p>
        <p
          className="RemoteLabbooks__paragraph RemoteLabbooks__paragraph--owner"
        >
          Created on 12/07/18
        </p>
        <p
          className="RemoteLabbooks__paragraph RemoteLabbooks__paragraph--owner"
        >
          Modified a few seconds ago
        </p>
        <p
          className="RemoteLabbooks__paragraph RemoteLabbooks__paragraph--description"
        >
          <span />
        </p>
      </div>
      <div
        className="Tooltip RemoteLabbooks__undefined"
        data-tooltip="undefined"
      />
    </div>
    <div
      className="Card Card--300 column-4-span-3 flex flex--column justify--space-between"
    >
      <div
        className="RemoteLabbooks__row RemoteLabbooks__row--icon"
      >
        <button
          className="RemoteLabbooks__icon RemoteLabbooks__icon--cloud"
          data-tooltip="Project exists locally"
          disabled={true}
        >
          Imported
        </button>
        <button
          className="RemoteLabbooks__icon RemoteLabbooks__icon--delete"
          data-tooltip=""
          disabled={false}
          onClick={[Function]}
        >
          Delete
        </button>
      </div>
      <div
        className="RemoteLabbooks__row RemoteLabbooks__row--text"
      >
        <div
          className="RemoteLabbooks__row RemoteLabbooks__row--title"
        >
          <h6
            className="RemoteLabbooks__panel-title"
          >
            <span>
              <span
                className=""
              >
                test-book
              </span>
            </span>
          </h6>
        </div>
        <p
          className="RemoteLabbooks__paragraph RemoteLabbooks__paragraph--owner"
        >
          cbutler
        </p>
        <p
          className="RemoteLabbooks__paragraph RemoteLabbooks__paragraph--owner"
        >
          Created on 12/07/18
        </p>
        <p
          className="RemoteLabbooks__paragraph RemoteLabbooks__paragraph--owner"
        >
          Modified a few seconds ago
        </p>
        <p
          className="RemoteLabbooks__paragraph RemoteLabbooks__paragraph--description"
        >
          <span />
        </p>
      </div>
      <div
        className="Tooltip RemoteLabbooks__undefined"
        data-tooltip="undefined"
      />
    </div>
    <div
      className="Card Card--300 column-4-span-3 flex flex--column justify--space-between"
    >
      <div
        className="RemoteLabbooks__row RemoteLabbooks__row--icon"
      >
        <button
          className="RemoteLabbooks__icon RemoteLabbooks__icon--cloud"
          data-tooltip="Project exists locally"
          disabled={true}
        >
          Imported
        </button>
        <button
          className="RemoteLabbooks__icon RemoteLabbooks__icon--delete"
          data-tooltip=""
          disabled={false}
          onClick={[Function]}
        >
          Delete
        </button>
      </div>
      <div
        className="RemoteLabbooks__row RemoteLabbooks__row--text"
      >
        <div
          className="RemoteLabbooks__row RemoteLabbooks__row--title"
        >
          <h6
            className="RemoteLabbooks__panel-title"
          >
            <span>
              <span
                className=""
              >
                temp-labook22
              </span>
            </span>
          </h6>
        </div>
        <p
          className="RemoteLabbooks__paragraph RemoteLabbooks__paragraph--owner"
        >
          cbutler
        </p>
        <p
          className="RemoteLabbooks__paragraph RemoteLabbooks__paragraph--owner"
        >
          Created on 12/07/18
        </p>
        <p
          className="RemoteLabbooks__paragraph RemoteLabbooks__paragraph--owner"
        >
          Modified a few seconds ago
        </p>
        <p
          className="RemoteLabbooks__paragraph RemoteLabbooks__paragraph--description"
        >
          <span />
        </p>
      </div>
      <div
        className="Tooltip RemoteLabbooks__undefined"
        data-tooltip="undefined"
      />
    </div>
    <div
      className="Card Card--300 column-4-span-3 flex flex--column justify--space-between"
    >
      <div
        className="RemoteLabbooks__row RemoteLabbooks__row--icon"
      >
        <button
          className="RemoteLabbooks__icon RemoteLabbooks__icon--cloud"
          data-tooltip="Project exists locally"
          disabled={true}
        >
          Imported
        </button>
        <button
          className="RemoteLabbooks__icon RemoteLabbooks__icon--delete"
          data-tooltip=""
          disabled={false}
          onClick={[Function]}
        >
          Delete
        </button>
      </div>
      <div
        className="RemoteLabbooks__row RemoteLabbooks__row--text"
      >
        <div
          className="RemoteLabbooks__row RemoteLabbooks__row--title"
        >
          <h6
            className="RemoteLabbooks__panel-title"
          >
            <span>
              <span
                className=""
              >
                temp
              </span>
            </span>
          </h6>
        </div>
        <p
          className="RemoteLabbooks__paragraph RemoteLabbooks__paragraph--owner"
        >
          cbutler
        </p>
        <p
          className="RemoteLabbooks__paragraph RemoteLabbooks__paragraph--owner"
        >
          Created on 12/07/18
        </p>
        <p
          className="RemoteLabbooks__paragraph RemoteLabbooks__paragraph--owner"
        >
          Modified a few seconds ago
        </p>
        <p
          className="RemoteLabbooks__paragraph RemoteLabbooks__paragraph--description"
        >
          <span />
        </p>
      </div>
      <div
        className="Tooltip RemoteLabbooks__undefined"
        data-tooltip="undefined"
      />
    </div>
    <div
      className="Card Card--300 column-4-span-3 flex flex--column justify--space-between"
    >
      <div
        className="RemoteLabbooks__row RemoteLabbooks__row--icon"
      >
        <button
          className="RemoteLabbooks__icon RemoteLabbooks__icon--cloud-download"
          disabled={false}
          onClick={[Function]}
        >
          Import
        </button>
        <button
          className="RemoteLabbooks__icon RemoteLabbooks__icon--delete-disabled"
          data-tooltip="Can only delete remote projects created by you"
          disabled={true}
          onClick={[Function]}
        >
          Delete
        </button>
      </div>
      <div
        className="RemoteLabbooks__row RemoteLabbooks__row--text"
      >
        <div
          className="RemoteLabbooks__row RemoteLabbooks__row--title"
        >
          <h6
            className="RemoteLabbooks__panel-title"
          >
            <span>
              <span
                className=""
              >
                t3
              </span>
            </span>
          </h6>
        </div>
        <p
          className="RemoteLabbooks__paragraph RemoteLabbooks__paragraph--owner"
        >
          bill2
        </p>
        <p
          className="RemoteLabbooks__paragraph RemoteLabbooks__paragraph--owner"
        >
          Created on 12/07/18
        </p>
        <p
          className="RemoteLabbooks__paragraph RemoteLabbooks__paragraph--owner"
        >
          Modified a few seconds ago
        </p>
        <p
          className="RemoteLabbooks__paragraph RemoteLabbooks__paragraph--description"
        >
          <span />
        </p>
      </div>
      <div
        className="Tooltip RemoteLabbooks__undefined"
        data-tooltip="undefined"
      />
    </div>
    <div
      className="Card Card--300 column-4-span-3 flex flex--column justify--space-between"
    >
      <div
        className="RemoteLabbooks__row RemoteLabbooks__row--icon"
      >
        <button
          className="RemoteLabbooks__icon RemoteLabbooks__icon--cloud"
          data-tooltip="Project exists locally"
          disabled={true}
        >
          Imported
        </button>
        <button
          className="RemoteLabbooks__icon RemoteLabbooks__icon--delete"
          data-tooltip=""
          disabled={false}
          onClick={[Function]}
        >
          Delete
        </button>
      </div>
      <div
        className="RemoteLabbooks__row RemoteLabbooks__row--text"
      >
        <div
          className="RemoteLabbooks__row RemoteLabbooks__row--title"
        >
          <h6
            className="RemoteLabbooks__panel-title"
          >
            <span>
              <span
                className=""
              >
                spade
              </span>
            </span>
          </h6>
        </div>
        <p
          className="RemoteLabbooks__paragraph RemoteLabbooks__paragraph--owner"
        >
          cbutler
        </p>
        <p
          className="RemoteLabbooks__paragraph RemoteLabbooks__paragraph--owner"
        >
          Created on 12/07/18
        </p>
        <p
          className="RemoteLabbooks__paragraph RemoteLabbooks__paragraph--owner"
        >
          Modified a few seconds ago
        </p>
        <p
          className="RemoteLabbooks__paragraph RemoteLabbooks__paragraph--description"
        >
          <span />
        </p>
      </div>
      <div
        className="Tooltip RemoteLabbooks__undefined"
        data-tooltip="undefined"
      />
    </div>
    <div
      className="Card Card--300 column-4-span-3 flex flex--column justify--space-between"
    >
      <div
        className="RemoteLabbooks__row RemoteLabbooks__row--icon"
      >
        <button
          className="RemoteLabbooks__icon RemoteLabbooks__icon--cloud"
          data-tooltip="Project exists locally"
          disabled={true}
        >
          Imported
        </button>
        <button
          className="RemoteLabbooks__icon RemoteLabbooks__icon--delete-disabled"
          data-tooltip="Can only delete remote projects created by you"
          disabled={true}
          onClick={[Function]}
        >
          Delete
        </button>
      </div>
      <div
        className="RemoteLabbooks__row RemoteLabbooks__row--text"
      >
        <div
          className="RemoteLabbooks__row RemoteLabbooks__row--title"
        >
          <h6
            className="RemoteLabbooks__panel-title"
          >
            <span>
              <span
                className=""
              >
                snappy
              </span>
            </span>
          </h6>
        </div>
        <p
          className="RemoteLabbooks__paragraph RemoteLabbooks__paragraph--owner"
        >
          gigantum-examples
        </p>
        <p
          className="RemoteLabbooks__paragraph RemoteLabbooks__paragraph--owner"
        >
          Created on 12/07/18
        </p>
        <p
          className="RemoteLabbooks__paragraph RemoteLabbooks__paragraph--owner"
        >
          Modified a few seconds ago
        </p>
        <p
          className="RemoteLabbooks__paragraph RemoteLabbooks__paragraph--description"
        >
          <span />
        </p>
      </div>
      <div
        className="Tooltip RemoteLabbooks__undefined"
        data-tooltip="undefined"
      />
    </div>
    <div
      className="Card Card--300 column-4-span-3 flex flex--column justify--space-between"
    >
      <div
        className="RemoteLabbooks__row RemoteLabbooks__row--icon"
      >
        <button
          className="RemoteLabbooks__icon RemoteLabbooks__icon--cloud"
          data-tooltip="Project exists locally"
          disabled={true}
        >
          Imported
        </button>
        <button
          className="RemoteLabbooks__icon RemoteLabbooks__icon--delete"
          data-tooltip=""
          disabled={false}
          onClick={[Function]}
        >
          Delete
        </button>
      </div>
      <div
        className="RemoteLabbooks__row RemoteLabbooks__row--text"
      >
        <div
          className="RemoteLabbooks__row RemoteLabbooks__row--title"
        >
          <h6
            className="RemoteLabbooks__panel-title"
          >
            <span>
              <span
                className=""
              >
                set-public-test-calum-true
              </span>
            </span>
          </h6>
        </div>
        <p
          className="RemoteLabbooks__paragraph RemoteLabbooks__paragraph--owner"
        >
          cbutler
        </p>
        <p
          className="RemoteLabbooks__paragraph RemoteLabbooks__paragraph--owner"
        >
          Created on 12/07/18
        </p>
        <p
          className="RemoteLabbooks__paragraph RemoteLabbooks__paragraph--owner"
        >
          Modified a few seconds ago
        </p>
        <p
          className="RemoteLabbooks__paragraph RemoteLabbooks__paragraph--description"
        >
          <span />
        </p>
      </div>
      <div
        className="Tooltip RemoteLabbooks__undefined"
        data-tooltip="undefined"
      />
    </div>
    <div
      className="Card Card--300 column-4-span-3 flex flex--column justify--space-between"
    >
      <div
        className="RemoteLabbooks__row RemoteLabbooks__row--icon"
      >
        <button
          className="RemoteLabbooks__icon RemoteLabbooks__icon--cloud"
          data-tooltip="Project exists locally"
          disabled={true}
        >
          Imported
        </button>
        <button
          className="RemoteLabbooks__icon RemoteLabbooks__icon--delete"
          data-tooltip=""
          disabled={false}
          onClick={[Function]}
        >
          Delete
        </button>
      </div>
      <div
        className="RemoteLabbooks__row RemoteLabbooks__row--text"
      >
        <div
          className="RemoteLabbooks__row RemoteLabbooks__row--title"
        >
          <h6
            className="RemoteLabbooks__panel-title"
          >
            <span>
              <span
                className=""
              >
                set-public-test-calum
              </span>
            </span>
          </h6>
        </div>
        <p
          className="RemoteLabbooks__paragraph RemoteLabbooks__paragraph--owner"
        >
          cbutler
        </p>
        <p
          className="RemoteLabbooks__paragraph RemoteLabbooks__paragraph--owner"
        >
          Created on 12/07/18
        </p>
        <p
          className="RemoteLabbooks__paragraph RemoteLabbooks__paragraph--owner"
        >
          Modified a few seconds ago
        </p>
        <p
          className="RemoteLabbooks__paragraph RemoteLabbooks__paragraph--description"
        >
          <span />
        </p>
      </div>
      <div
        className="Tooltip RemoteLabbooks__undefined"
        data-tooltip="undefined"
      />
    </div>
    <div
      className="Card Card--300 column-4-span-3 flex flex--column justify--space-between"
    >
      <div
        className="RemoteLabbooks__row RemoteLabbooks__row--icon"
      >
        <button
          className="RemoteLabbooks__icon RemoteLabbooks__icon--cloud-download"
          disabled={false}
          onClick={[Function]}
        >
          Import
        </button>
        <button
          className="RemoteLabbooks__icon RemoteLabbooks__icon--delete-disabled"
          data-tooltip="Can only delete remote projects created by you"
          disabled={true}
          onClick={[Function]}
        >
          Delete
        </button>
      </div>
      <div
        className="RemoteLabbooks__row RemoteLabbooks__row--text"
      >
        <div
          className="RemoteLabbooks__row RemoteLabbooks__row--title"
        >
          <h6
            className="RemoteLabbooks__panel-title"
          >
            <span>
              <span
                className=""
              >
                sdfdsfsdfsdf
              </span>
            </span>
          </h6>
        </div>
        <p
          className="RemoteLabbooks__paragraph RemoteLabbooks__paragraph--owner"
        >
          joel
        </p>
        <p
          className="RemoteLabbooks__paragraph RemoteLabbooks__paragraph--owner"
        >
          Created on 12/07/18
        </p>
        <p
          className="RemoteLabbooks__paragraph RemoteLabbooks__paragraph--owner"
        >
          Modified a few seconds ago
        </p>
        <p
          className="RemoteLabbooks__paragraph RemoteLabbooks__paragraph--description"
        >
          <span />
        </p>
      </div>
      <div
        className="Tooltip RemoteLabbooks__undefined"
        data-tooltip="undefined"
      />
    </div>
    <div
      className="Card Card--300 column-4-span-3 flex flex--column justify--space-between"
    >
      <div
        className="RemoteLabbooks__row RemoteLabbooks__row--icon"
      >
        <button
          className="RemoteLabbooks__icon RemoteLabbooks__icon--cloud-download"
          disabled={false}
          onClick={[Function]}
        >
          Import
        </button>
        <button
          className="RemoteLabbooks__icon RemoteLabbooks__icon--delete-disabled"
          data-tooltip="Can only delete remote projects created by you"
          disabled={true}
          onClick={[Function]}
        >
          Delete
        </button>
      </div>
      <div
        className="RemoteLabbooks__row RemoteLabbooks__row--text"
      >
        <div
          className="RemoteLabbooks__row RemoteLabbooks__row--title"
        >
          <h6
            className="RemoteLabbooks__panel-title"
          >
            <span>
              <span
                className=""
              >
                rootpy3
              </span>
            </span>
          </h6>
        </div>
        <p
          className="RemoteLabbooks__paragraph RemoteLabbooks__paragraph--owner"
        >
          gigantum-examples
        </p>
        <p
          className="RemoteLabbooks__paragraph RemoteLabbooks__paragraph--owner"
        >
          Created on 12/07/18
        </p>
        <p
          className="RemoteLabbooks__paragraph RemoteLabbooks__paragraph--owner"
        >
          Modified a few seconds ago
        </p>
        <p
          className="RemoteLabbooks__paragraph RemoteLabbooks__paragraph--description"
        >
          <span />
        </p>
      </div>
      <div
        className="Tooltip RemoteLabbooks__undefined"
        data-tooltip="undefined"
      />
    </div>
    <div
      className="Card Card--300 column-4-span-3 flex flex--column justify--space-between"
    >
      <div
        className="RemoteLabbooks__row RemoteLabbooks__row--icon"
      >
        <button
          className="RemoteLabbooks__icon RemoteLabbooks__icon--cloud"
          data-tooltip="Project exists locally"
          disabled={true}
        >
          Imported
        </button>
        <button
          className="RemoteLabbooks__icon RemoteLabbooks__icon--delete-disabled"
          data-tooltip="Can only delete remote projects created by you"
          disabled={true}
          onClick={[Function]}
        >
          Delete
        </button>
      </div>
      <div
        className="RemoteLabbooks__row RemoteLabbooks__row--text"
      >
        <div
          className="RemoteLabbooks__row RemoteLabbooks__row--title"
        >
          <h6
            className="RemoteLabbooks__panel-title"
          >
            <span>
              <span
                className=""
              >
                rootpy3
              </span>
            </span>
          </h6>
        </div>
        <p
          className="RemoteLabbooks__paragraph RemoteLabbooks__paragraph--owner"
        >
          randalg
        </p>
        <p
          className="RemoteLabbooks__paragraph RemoteLabbooks__paragraph--owner"
        >
          Created on 12/07/18
        </p>
        <p
          className="RemoteLabbooks__paragraph RemoteLabbooks__paragraph--owner"
        >
          Modified a few seconds ago
        </p>
        <p
          className="RemoteLabbooks__paragraph RemoteLabbooks__paragraph--description"
        >
          <span />
        </p>
      </div>
      <div
        className="Tooltip RemoteLabbooks__undefined"
        data-tooltip="undefined"
      />
    </div>
    <div
      className="Card Card--300 column-4-span-3 flex flex--column justify--space-between"
    >
      <div
        className="RemoteLabbooks__row RemoteLabbooks__row--icon"
      >
        <button
          className="RemoteLabbooks__icon RemoteLabbooks__icon--cloud"
          data-tooltip="Project exists locally"
          disabled={true}
        >
          Imported
        </button>
        <button
          className="RemoteLabbooks__icon RemoteLabbooks__icon--delete"
          data-tooltip=""
          disabled={false}
          onClick={[Function]}
        >
          Delete
        </button>
      </div>
      <div
        className="RemoteLabbooks__row RemoteLabbooks__row--text"
      >
        <div
          className="RemoteLabbooks__row RemoteLabbooks__row--title"
        >
          <h6
            className="RemoteLabbooks__panel-title"
          >
            <span>
              <span
                className=""
              >
                random-picture-generator
              </span>
            </span>
          </h6>
        </div>
        <p
          className="RemoteLabbooks__paragraph RemoteLabbooks__paragraph--owner"
        >
          cbutler
        </p>
        <p
          className="RemoteLabbooks__paragraph RemoteLabbooks__paragraph--owner"
        >
          Created on 12/07/18
        </p>
        <p
          className="RemoteLabbooks__paragraph RemoteLabbooks__paragraph--owner"
        >
          Modified a few seconds ago
        </p>
        <p
          className="RemoteLabbooks__paragraph RemoteLabbooks__paragraph--description"
        >
          <span />
        </p>
      </div>
      <div
        className="Tooltip RemoteLabbooks__undefined"
        data-tooltip="undefined"
      />
    </div>
    <div
      className="Card Card--300 column-4-span-3 flex flex--column justify--space-between"
    >
      <div
        className="RemoteLabbooks__row RemoteLabbooks__row--icon"
      >
        <button
          className="RemoteLabbooks__icon RemoteLabbooks__icon--cloud-download"
          disabled={false}
          onClick={[Function]}
        >
          Import
        </button>
        <button
          className="RemoteLabbooks__icon RemoteLabbooks__icon--delete-disabled"
          data-tooltip="Can only delete remote projects created by you"
          disabled={true}
          onClick={[Function]}
        >
          Delete
        </button>
      </div>
      <div
        className="RemoteLabbooks__row RemoteLabbooks__row--text"
      >
        <div
          className="RemoteLabbooks__row RemoteLabbooks__row--title"
        >
          <h6
            className="RemoteLabbooks__panel-title"
          >
            <span>
              <span
                className=""
              >
                python-data-science-handbook
              </span>
            </span>
          </h6>
        </div>
        <p
          className="RemoteLabbooks__paragraph RemoteLabbooks__paragraph--owner"
        >
          dmk
        </p>
        <p
          className="RemoteLabbooks__paragraph RemoteLabbooks__paragraph--owner"
        >
          Created on 12/07/18
        </p>
        <p
          className="RemoteLabbooks__paragraph RemoteLabbooks__paragraph--owner"
        >
          Modified a few seconds ago
        </p>
        <p
          className="RemoteLabbooks__paragraph RemoteLabbooks__paragraph--description"
        >
          <span />
        </p>
      </div>
      <div
        className="Tooltip RemoteLabbooks__undefined"
        data-tooltip="undefined"
      />
    </div>
    <div
      className="Card Card--300 column-4-span-3 flex flex--column justify--space-between"
    >
      <div
        className="RemoteLabbooks__row RemoteLabbooks__row--icon"
      >
        <button
          className="RemoteLabbooks__icon RemoteLabbooks__icon--cloud"
          data-tooltip="Project exists locally"
          disabled={true}
        >
          Imported
        </button>
        <button
          className="RemoteLabbooks__icon RemoteLabbooks__icon--delete"
          data-tooltip=""
          disabled={false}
          onClick={[Function]}
        >
          Delete
        </button>
      </div>
      <div
        className="RemoteLabbooks__row RemoteLabbooks__row--text"
      >
        <div
          className="RemoteLabbooks__row RemoteLabbooks__row--title"
        >
          <h6
            className="RemoteLabbooks__panel-title"
          >
            <span>
              <span
                className=""
              >
                pulish-temp4
              </span>
            </span>
          </h6>
        </div>
        <p
          className="RemoteLabbooks__paragraph RemoteLabbooks__paragraph--owner"
        >
          cbutler
        </p>
        <p
          className="RemoteLabbooks__paragraph RemoteLabbooks__paragraph--owner"
        >
          Created on 12/07/18
        </p>
        <p
          className="RemoteLabbooks__paragraph RemoteLabbooks__paragraph--owner"
        >
          Modified a few seconds ago
        </p>
        <p
          className="RemoteLabbooks__paragraph RemoteLabbooks__paragraph--description"
        >
          <span />
        </p>
      </div>
      <div
        className="Tooltip RemoteLabbooks__undefined"
        data-tooltip="undefined"
      />
    </div>
    <div
      className="LabbookPaginationLoader--hidden"
    >
      <div />
    </div>
    <div
      className="LabbookPaginationLoader--hidden"
    >
      <div />
    </div>
    <div
      className="LabbookPaginationLoader--hidden"
    >
      <div />
    </div>
    <div
      className="LabbookPaginationLoader--hidden"
    >
      <div />
    </div>
    <div
      className="LabbookPaginationLoader--hidden"
    >
      <div />
    </div>
  </div>
</div>
`;
