// Jest Snapshot v1, https://goo.gl/fbAQLP

exports[`Test RemoteLabbooks rendering 1`] = `
<div
  className="Card Card--300 column-4-span-3 flex flex--column justify--space-between"
>
  <div
    className="RemoteLabbooks__row RemoteLabbooks__row--icon"
  >
    <button
      className="RemoteLabbooks__icon RemoteLabbooks__icon--cloud-download"
      disabled={false}
      onClick={[Function]}
    >
      Import
    </button>
    <button
      className="RemoteLabbooks__icon RemoteLabbooks__icon--delete-disabled"
      data-tooltip="Can only delete remote projects created by you"
      disabled={true}
      onClick={[Function]}
    >
      Delete
    </button>
  </div>
  <div
    className="RemoteLabbooks__row RemoteLabbooks__row--text"
  >
    <div
      className="RemoteLabbooks__row RemoteLabbooks__row--title"
    >
      <h6
        className="RemoteLabbooks__panel-title"
      >
        <span>
          <span
            className=""
          >
            update-test
          </span>
        </span>
      </h6>
    </div>
    <p
      className="RemoteLabbooks__paragraph RemoteLabbooks__paragraph--owner"
    >
      dmk
    </p>
    <p
      className="RemoteLabbooks__paragraph RemoteLabbooks__paragraph--owner"
    >
      Created on 01/08/19
    </p>
    <p
      className="RemoteLabbooks__paragraph RemoteLabbooks__paragraph--owner"
    >
      Modified a few seconds ago
    </p>
    <p
      className="RemoteLabbooks__paragraph RemoteLabbooks__paragraph--description"
    >
      <span />
    </p>
  </div>
  <div
    className="Tooltip-Listing RemoteLabbooks__undefined"
    data-tooltip="undefined"
  />
</div>
`;
